#-----------------------------------------------------------
# Webtalk v2019.1 (64-bit)
# SW Build 2552052 on Fri May 24 14:47:09 MDT 2019
# IP Build 2548770 on Fri May 24 18:01:18 MDT 2019
# Start of session at: Tue Dec 10 11:15:30 2024
# Process ID: 51029
# Current directory: /home/it/Chip_Design/CommonCore/DigitalDesign/debugging/debuggingPart2/debuggingPart2.sim/sim_1/behav/xsim
# Command line: wbtcv -mode batch -source /home/it/Chip_Design/CommonCore/DigitalDesign/debugging/debuggingPart2/debuggingPart2.sim/sim_1/behav/xsim/xsim.dir/tb_counter_part2_behav/webtalk/xsim_webtalk.tcl -notrace
# Log file: /home/it/Chip_Design/CommonCore/DigitalDesign/debugging/debuggingPart2/debuggingPart2.sim/sim_1/behav/xsim/webtalk.log
# Journal file: /home/it/Chip_Design/CommonCore/DigitalDesign/debugging/debuggingPart2/debuggingPart2.sim/sim_1/behav/xsim/webtalk.jou
#-----------------------------------------------------------
source /home/it/Chip_Design/CommonCore/DigitalDesign/debugging/debuggingPart2/debuggingPart2.sim/sim_1/behav/xsim/xsim.dir/tb_counter_part2_behav/webtalk/xsim_webtalk.tcl -notrace
